An error occurred during training:
Graph execution error:

Detected at node gradient_tape/functional_1/conv1d_1_1/convolution/Conv2DBackpropInput defined at (most recent call last):
  File "/home/matheus/src/RayWise/src/temp_monitor_nas_cnn1d_v0.1.py", line 478, in <module>

  File "/home/matheus/anaconda3/envs/tf-optuna/lib/python3.11/site-packages/optuna/study/study.py", line 475, in optimize

  File "/home/matheus/anaconda3/envs/tf-optuna/lib/python3.11/site-packages/optuna/study/_optimize.py", line 63, in _optimize

  File "/home/matheus/anaconda3/envs/tf-optuna/lib/python3.11/site-packages/optuna/study/_optimize.py", line 160, in _optimize_sequential

  File "/home/matheus/anaconda3/envs/tf-optuna/lib/python3.11/site-packages/optuna/study/_optimize.py", line 197, in _run_trial

  File "/home/matheus/src/RayWise/src/temp_monitor_nas_cnn1d_v0.1.py", line 479, in <lambda>

  File "/home/matheus/src/RayWise/src/temp_monitor_nas_cnn1d_v0.1.py", line 361, in objective

  File "/home/matheus/anaconda3/envs/tf-optuna/lib/python3.11/site-packages/keras/src/utils/traceback_utils.py", line 117, in error_handler

  File "/home/matheus/anaconda3/envs/tf-optuna/lib/python3.11/site-packages/keras/src/backend/tensorflow/trainer.py", line 320, in fit

  File "/home/matheus/anaconda3/envs/tf-optuna/lib/python3.11/site-packages/keras/src/backend/tensorflow/trainer.py", line 121, in one_step_on_iterator

  File "/home/matheus/anaconda3/envs/tf-optuna/lib/python3.11/site-packages/keras/src/backend/tensorflow/trainer.py", line 108, in one_step_on_data

  File "/home/matheus/anaconda3/envs/tf-optuna/lib/python3.11/site-packages/keras/src/backend/tensorflow/trainer.py", line 70, in train_step

CUDNN failed to allocate the scratch space for the runner or to find a working no-scratch runner.
	 [[{{node gradient_tape/functional_1/conv1d_1_1/convolution/Conv2DBackpropInput}}]] [Op:__inference_one_step_on_iterator_5696619]
Traceback (most recent call last):
  File "/home/matheus/src/RayWise/src/temp_monitor_nas_cnn1d_v0.1.py", line 478, in <module>
    study.optimize(
  File "/home/matheus/anaconda3/envs/tf-optuna/lib/python3.11/site-packages/optuna/study/study.py", line 475, in optimize
    _optimize(
  File "/home/matheus/anaconda3/envs/tf-optuna/lib/python3.11/site-packages/optuna/study/_optimize.py", line 63, in _optimize
    _optimize_sequential(
  File "/home/matheus/anaconda3/envs/tf-optuna/lib/python3.11/site-packages/optuna/study/_optimize.py", line 160, in _optimize_sequential
    frozen_trial = _run_trial(study, func, catch)
                   ^^^^^^^^^^^^^^^^^^^^^^^^^^^^^^
  File "/home/matheus/anaconda3/envs/tf-optuna/lib/python3.11/site-packages/optuna/study/_optimize.py", line 248, in _run_trial
    raise func_err
  File "/home/matheus/anaconda3/envs/tf-optuna/lib/python3.11/site-packages/optuna/study/_optimize.py", line 197, in _run_trial
    value_or_values = func(trial)
                      ^^^^^^^^^^^
  File "/home/matheus/src/RayWise/src/temp_monitor_nas_cnn1d_v0.1.py", line 479, in <lambda>
    lambda trial: objective(
                  ^^^^^^^^^^
  File "/home/matheus/src/RayWise/src/temp_monitor_nas_cnn1d_v0.1.py", line 449, in objective
    log_trial_error(
  File "/home/matheus/anaconda3/envs/tf-optuna/lib/python3.11/site-packages/araras/ml/optuna/utils.py", line 317, in log_trial_error
    raise exc
  File "/home/matheus/src/RayWise/src/temp_monitor_nas_cnn1d_v0.1.py", line 361, in objective
    history = model.fit(
              ^^^^^^^^^^
  File "/home/matheus/anaconda3/envs/tf-optuna/lib/python3.11/site-packages/keras/src/utils/traceback_utils.py", line 122, in error_handler
    raise e.with_traceback(filtered_tb) from None
  File "/home/matheus/anaconda3/envs/tf-optuna/lib/python3.11/site-packages/tensorflow/python/eager/execute.py", line 59, in quick_execute
    except TypeError as e:
tensorflow.python.framework.errors_impl.UnknownError: Graph execution error:

Detected at node gradient_tape/functional_1/conv1d_1_1/convolution/Conv2DBackpropInput defined at (most recent call last):
  File "/home/matheus/src/RayWise/src/temp_monitor_nas_cnn1d_v0.1.py", line 478, in <module>

  File "/home/matheus/anaconda3/envs/tf-optuna/lib/python3.11/site-packages/optuna/study/study.py", line 475, in optimize

  File "/home/matheus/anaconda3/envs/tf-optuna/lib/python3.11/site-packages/optuna/study/_optimize.py", line 63, in _optimize

  File "/home/matheus/anaconda3/envs/tf-optuna/lib/python3.11/site-packages/optuna/study/_optimize.py", line 160, in _optimize_sequential

  File "/home/matheus/anaconda3/envs/tf-optuna/lib/python3.11/site-packages/optuna/study/_optimize.py", line 197, in _run_trial

  File "/home/matheus/src/RayWise/src/temp_monitor_nas_cnn1d_v0.1.py", line 479, in <lambda>

  File "/home/matheus/src/RayWise/src/temp_monitor_nas_cnn1d_v0.1.py", line 361, in objective

  File "/home/matheus/anaconda3/envs/tf-optuna/lib/python3.11/site-packages/keras/src/utils/traceback_utils.py", line 117, in error_handler

  File "/home/matheus/anaconda3/envs/tf-optuna/lib/python3.11/site-packages/keras/src/backend/tensorflow/trainer.py", line 320, in fit

  File "/home/matheus/anaconda3/envs/tf-optuna/lib/python3.11/site-packages/keras/src/backend/tensorflow/trainer.py", line 121, in one_step_on_iterator

  File "/home/matheus/anaconda3/envs/tf-optuna/lib/python3.11/site-packages/keras/src/backend/tensorflow/trainer.py", line 108, in one_step_on_data

  File "/home/matheus/anaconda3/envs/tf-optuna/lib/python3.11/site-packages/keras/src/backend/tensorflow/trainer.py", line 70, in train_step

CUDNN failed to allocate the scratch space for the runner or to find a working no-scratch runner.
	 [[{{node gradient_tape/functional_1/conv1d_1_1/convolution/Conv2DBackpropInput}}]] [Op:__inference_one_step_on_iterator_5696619]


