Trial: 65
Params: {'num_conv_layers': 4, 'conv1d_0_filters': 256, 'conv1d_0_kernel_size': 7, 'conv1d_0_act': 'relu', 'pool_size_0': 3, 'conv1d_1_filters': 128, 'conv1d_1_kernel_size': 5, 'conv1d_1_act': 'tanh', 'pool_size_1': 2, 'conv1d_2_filters': 128, 'conv1d_2_kernel_size': 7, 'conv1d_2_act': 'gelu', 'pool_size_2': 2, 'conv1d_3_filters': 512, 'conv1d_3_kernel_size': 3, 'conv1d_3_act': 'relu', 'pool_size_3': 3, 'use_cnn_as_dense': False, 'num_dense_layers': 3, 'pooling_type': 'flatten', 'dense_0_units': 500, 'dense_0_dropout': 0.2, 'dense_0_act': 'none', 'dense_1_units': 500, 'dense_1_dropout': 0.4, 'dense_1_act': 'sigmoid', 'dense_2_units': 400, 'dense_2_dropout': 0.0, 'dense_2_act': 'elu', 'optimizer': 'adam'}
User Attributes: {}
Exception Type: ResourceExhaustedError
Exception Message: Graph execution error:

Detected at node StatefulPartitionedCall/gradient_tape/functional_1/conv1d_1_1/convolution/Conv2DBackpropFilter-0-TransposeNHWCToNCHW-LayoutOptimizer defined at (most recent call last):
<stack traces unavailable>
OOM when allocating tensor with shape[64,256,1,1333] and type float on /job:localhost/replica:0/task:0/device:GPU:0 by allocator GPU_0_bfc
	 [[{{node StatefulPartitionedCall/gradient_tape/functional_1/conv1d_1_1/convolution/Conv2DBackpropFilter-0-TransposeNHWCToNCHW-LayoutOptimizer}}]]
Hint: If you want to see a list of allocated tensors when OOM happens, add report_tensor_allocations_upon_oom to RunOptions for current allocation info. This isn't available when running in Eager mode.
 [Op:__inference_one_step_on_iterator_3171729]
Traceback:
Traceback (most recent call last):
  File "/home/matheus/src/RayWise/src/temp_monitor_nas_cnn1d_v0.0.py", line 361, in objective
    history = model.fit(
              ^^^^^^^^^^
  File "/home/matheus/anaconda3/envs/tf-optuna/lib/python3.11/site-packages/keras/src/utils/traceback_utils.py", line 122, in error_handler
    raise e.with_traceback(filtered_tb) from None
  File "/home/matheus/anaconda3/envs/tf-optuna/lib/python3.11/site-packages/tensorflow/python/eager/execute.py", line 59, in quick_execute
    except TypeError as e:
tensorflow.python.framework.errors_impl.ResourceExhaustedError: Graph execution error:

Detected at node StatefulPartitionedCall/gradient_tape/functional_1/conv1d_1_1/convolution/Conv2DBackpropFilter-0-TransposeNHWCToNCHW-LayoutOptimizer defined at (most recent call last):
<stack traces unavailable>
OOM when allocating tensor with shape[64,256,1,1333] and type float on /job:localhost/replica:0/task:0/device:GPU:0 by allocator GPU_0_bfc
	 [[{{node StatefulPartitionedCall/gradient_tape/functional_1/conv1d_1_1/convolution/Conv2DBackpropFilter-0-TransposeNHWCToNCHW-LayoutOptimizer}}]]
Hint: If you want to see a list of allocated tensors when OOM happens, add report_tensor_allocations_upon_oom to RunOptions for current allocation info. This isn't available when running in Eager mode.
 [Op:__inference_one_step_on_iterator_3171729]
