Trial: 64
Params: {'num_conv_layers': 4, 'conv1d_0_filters': 128, 'conv1d_0_kernel_size': 7, 'conv1d_0_act': 'gelu', 'pool_size_0': 3, 'conv1d_1_filters': 512, 'conv1d_1_kernel_size': 5, 'conv1d_1_act': 'silu', 'pool_size_1': 2, 'conv1d_2_filters': 256, 'conv1d_2_kernel_size': 7, 'conv1d_2_act': 'gelu', 'pool_size_2': 2, 'conv1d_3_filters': 64, 'conv1d_3_kernel_size': 3, 'conv1d_3_act': 'none', 'pool_size_3': 3, 'use_cnn_as_dense': False, 'num_dense_layers': 3, 'pooling_type': 'flatten', 'dense_0_units': 550, 'dense_0_dropout': 0.2, 'dense_0_act': 'elu', 'dense_1_units': 600, 'dense_1_dropout': 0.4, 'dense_1_act': 'silu', 'dense_2_units': 450, 'dense_2_dropout': 0.2, 'dense_2_act': 'elu', 'optimizer': 'adam'}
User Attributes: {}
Exception Type: ResourceExhaustedError
Exception Message: Graph execution error:

Detected at node functional_1/conv1d_1_act_1/Sigmoid defined at (most recent call last):
  File "/home/matheus/src/RayWise/src/temp_monitor_nas_cnn1d_v0.0.py", line 478, in <module>

  File "/home/matheus/anaconda3/envs/tf-optuna/lib/python3.11/site-packages/optuna/study/study.py", line 475, in optimize

  File "/home/matheus/anaconda3/envs/tf-optuna/lib/python3.11/site-packages/optuna/study/_optimize.py", line 63, in _optimize

  File "/home/matheus/anaconda3/envs/tf-optuna/lib/python3.11/site-packages/optuna/study/_optimize.py", line 160, in _optimize_sequential

  File "/home/matheus/anaconda3/envs/tf-optuna/lib/python3.11/site-packages/optuna/study/_optimize.py", line 197, in _run_trial

  File "/home/matheus/src/RayWise/src/temp_monitor_nas_cnn1d_v0.0.py", line 479, in <lambda>

  File "/home/matheus/src/RayWise/src/temp_monitor_nas_cnn1d_v0.0.py", line 361, in objective

  File "/home/matheus/anaconda3/envs/tf-optuna/lib/python3.11/site-packages/keras/src/utils/traceback_utils.py", line 117, in error_handler

  File "/home/matheus/anaconda3/envs/tf-optuna/lib/python3.11/site-packages/keras/src/backend/tensorflow/trainer.py", line 320, in fit

  File "/home/matheus/anaconda3/envs/tf-optuna/lib/python3.11/site-packages/keras/src/backend/tensorflow/trainer.py", line 121, in one_step_on_iterator

  File "/home/matheus/anaconda3/envs/tf-optuna/lib/python3.11/site-packages/keras/src/backend/tensorflow/trainer.py", line 108, in one_step_on_data

  File "/home/matheus/anaconda3/envs/tf-optuna/lib/python3.11/site-packages/keras/src/backend/tensorflow/trainer.py", line 51, in train_step

  File "/home/matheus/anaconda3/envs/tf-optuna/lib/python3.11/site-packages/keras/src/utils/traceback_utils.py", line 117, in error_handler

  File "/home/matheus/anaconda3/envs/tf-optuna/lib/python3.11/site-packages/keras/src/layers/layer.py", line 899, in __call__

  File "/home/matheus/anaconda3/envs/tf-optuna/lib/python3.11/site-packages/keras/src/utils/traceback_utils.py", line 117, in error_handler

  File "/home/matheus/anaconda3/envs/tf-optuna/lib/python3.11/site-packages/keras/src/ops/operation.py", line 46, in __call__

  File "/home/matheus/anaconda3/envs/tf-optuna/lib/python3.11/site-packages/keras/src/utils/traceback_utils.py", line 156, in error_handler

  File "/home/matheus/anaconda3/envs/tf-optuna/lib/python3.11/site-packages/keras/src/models/functional.py", line 182, in call

  File "/home/matheus/anaconda3/envs/tf-optuna/lib/python3.11/site-packages/keras/src/ops/function.py", line 171, in _run_through_graph

  File "/home/matheus/anaconda3/envs/tf-optuna/lib/python3.11/site-packages/keras/src/models/functional.py", line 584, in call

  File "/home/matheus/anaconda3/envs/tf-optuna/lib/python3.11/site-packages/keras/src/utils/traceback_utils.py", line 117, in error_handler

  File "/home/matheus/anaconda3/envs/tf-optuna/lib/python3.11/site-packages/keras/src/layers/layer.py", line 899, in __call__

  File "/home/matheus/anaconda3/envs/tf-optuna/lib/python3.11/site-packages/keras/src/utils/traceback_utils.py", line 117, in error_handler

  File "/home/matheus/anaconda3/envs/tf-optuna/lib/python3.11/site-packages/keras/src/ops/operation.py", line 46, in __call__

  File "/home/matheus/anaconda3/envs/tf-optuna/lib/python3.11/site-packages/keras/src/utils/traceback_utils.py", line 156, in error_handler

  File "/home/matheus/anaconda3/envs/tf-optuna/lib/python3.11/site-packages/keras/src/layers/activations/activation.py", line 32, in call

  File "/home/matheus/anaconda3/envs/tf-optuna/lib/python3.11/site-packages/keras/src/activations/activations.py", line 277, in silu

  File "/home/matheus/anaconda3/envs/tf-optuna/lib/python3.11/site-packages/keras/src/ops/nn.py", line 216, in silu

  File "/home/matheus/anaconda3/envs/tf-optuna/lib/python3.11/site-packages/keras/src/backend/tensorflow/nn.py", line 42, in silu

failed to allocate memory
	 [[{{node functional_1/conv1d_1_act_1/Sigmoid}}]]
Hint: If you want to see a list of allocated tensors when OOM happens, add report_tensor_allocations_upon_oom to RunOptions for current allocation info. This isn't available when running in Eager mode.
 [Op:__inference_one_step_on_iterator_3166884]
Traceback:
Traceback (most recent call last):
  File "/home/matheus/src/RayWise/src/temp_monitor_nas_cnn1d_v0.0.py", line 361, in objective
    history = model.fit(
              ^^^^^^^^^^
  File "/home/matheus/anaconda3/envs/tf-optuna/lib/python3.11/site-packages/keras/src/utils/traceback_utils.py", line 122, in error_handler
    raise e.with_traceback(filtered_tb) from None
  File "/home/matheus/anaconda3/envs/tf-optuna/lib/python3.11/site-packages/tensorflow/python/eager/execute.py", line 59, in quick_execute
    except TypeError as e:
tensorflow.python.framework.errors_impl.ResourceExhaustedError: Graph execution error:

Detected at node functional_1/conv1d_1_act_1/Sigmoid defined at (most recent call last):
  File "/home/matheus/src/RayWise/src/temp_monitor_nas_cnn1d_v0.0.py", line 478, in <module>

  File "/home/matheus/anaconda3/envs/tf-optuna/lib/python3.11/site-packages/optuna/study/study.py", line 475, in optimize

  File "/home/matheus/anaconda3/envs/tf-optuna/lib/python3.11/site-packages/optuna/study/_optimize.py", line 63, in _optimize

  File "/home/matheus/anaconda3/envs/tf-optuna/lib/python3.11/site-packages/optuna/study/_optimize.py", line 160, in _optimize_sequential

  File "/home/matheus/anaconda3/envs/tf-optuna/lib/python3.11/site-packages/optuna/study/_optimize.py", line 197, in _run_trial

  File "/home/matheus/src/RayWise/src/temp_monitor_nas_cnn1d_v0.0.py", line 479, in <lambda>

  File "/home/matheus/src/RayWise/src/temp_monitor_nas_cnn1d_v0.0.py", line 361, in objective

  File "/home/matheus/anaconda3/envs/tf-optuna/lib/python3.11/site-packages/keras/src/utils/traceback_utils.py", line 117, in error_handler

  File "/home/matheus/anaconda3/envs/tf-optuna/lib/python3.11/site-packages/keras/src/backend/tensorflow/trainer.py", line 320, in fit

  File "/home/matheus/anaconda3/envs/tf-optuna/lib/python3.11/site-packages/keras/src/backend/tensorflow/trainer.py", line 121, in one_step_on_iterator

  File "/home/matheus/anaconda3/envs/tf-optuna/lib/python3.11/site-packages/keras/src/backend/tensorflow/trainer.py", line 108, in one_step_on_data

  File "/home/matheus/anaconda3/envs/tf-optuna/lib/python3.11/site-packages/keras/src/backend/tensorflow/trainer.py", line 51, in train_step

  File "/home/matheus/anaconda3/envs/tf-optuna/lib/python3.11/site-packages/keras/src/utils/traceback_utils.py", line 117, in error_handler

  File "/home/matheus/anaconda3/envs/tf-optuna/lib/python3.11/site-packages/keras/src/layers/layer.py", line 899, in __call__

  File "/home/matheus/anaconda3/envs/tf-optuna/lib/python3.11/site-packages/keras/src/utils/traceback_utils.py", line 117, in error_handler

  File "/home/matheus/anaconda3/envs/tf-optuna/lib/python3.11/site-packages/keras/src/ops/operation.py", line 46, in __call__

  File "/home/matheus/anaconda3/envs/tf-optuna/lib/python3.11/site-packages/keras/src/utils/traceback_utils.py", line 156, in error_handler

  File "/home/matheus/anaconda3/envs/tf-optuna/lib/python3.11/site-packages/keras/src/models/functional.py", line 182, in call

  File "/home/matheus/anaconda3/envs/tf-optuna/lib/python3.11/site-packages/keras/src/ops/function.py", line 171, in _run_through_graph

  File "/home/matheus/anaconda3/envs/tf-optuna/lib/python3.11/site-packages/keras/src/models/functional.py", line 584, in call

  File "/home/matheus/anaconda3/envs/tf-optuna/lib/python3.11/site-packages/keras/src/utils/traceback_utils.py", line 117, in error_handler

  File "/home/matheus/anaconda3/envs/tf-optuna/lib/python3.11/site-packages/keras/src/layers/layer.py", line 899, in __call__

  File "/home/matheus/anaconda3/envs/tf-optuna/lib/python3.11/site-packages/keras/src/utils/traceback_utils.py", line 117, in error_handler

  File "/home/matheus/anaconda3/envs/tf-optuna/lib/python3.11/site-packages/keras/src/ops/operation.py", line 46, in __call__

  File "/home/matheus/anaconda3/envs/tf-optuna/lib/python3.11/site-packages/keras/src/utils/traceback_utils.py", line 156, in error_handler

  File "/home/matheus/anaconda3/envs/tf-optuna/lib/python3.11/site-packages/keras/src/layers/activations/activation.py", line 32, in call

  File "/home/matheus/anaconda3/envs/tf-optuna/lib/python3.11/site-packages/keras/src/activations/activations.py", line 277, in silu

  File "/home/matheus/anaconda3/envs/tf-optuna/lib/python3.11/site-packages/keras/src/ops/nn.py", line 216, in silu

  File "/home/matheus/anaconda3/envs/tf-optuna/lib/python3.11/site-packages/keras/src/backend/tensorflow/nn.py", line 42, in silu

failed to allocate memory
	 [[{{node functional_1/conv1d_1_act_1/Sigmoid}}]]
Hint: If you want to see a list of allocated tensors when OOM happens, add report_tensor_allocations_upon_oom to RunOptions for current allocation info. This isn't available when running in Eager mode.
 [Op:__inference_one_step_on_iterator_3166884]
