An error occurred during training:
Graph execution error:

Detected at node StatefulPartitionedCall defined at (most recent call last):
  File "/home/matheus/src/RayWise/src/temp_monitor_nas_cnn1d_v0.0.py", line 465, in <module>

  File "/home/matheus/anaconda3/envs/tf-optuna/lib/python3.11/site-packages/optuna/study/study.py", line 475, in optimize

  File "/home/matheus/anaconda3/envs/tf-optuna/lib/python3.11/site-packages/optuna/study/_optimize.py", line 63, in _optimize

  File "/home/matheus/anaconda3/envs/tf-optuna/lib/python3.11/site-packages/optuna/study/_optimize.py", line 160, in _optimize_sequential

  File "/home/matheus/anaconda3/envs/tf-optuna/lib/python3.11/site-packages/optuna/study/_optimize.py", line 197, in _run_trial

  File "/home/matheus/src/RayWise/src/temp_monitor_nas_cnn1d_v0.0.py", line 466, in <lambda>

  File "/home/matheus/src/RayWise/src/temp_monitor_nas_cnn1d_v0.0.py", line 348, in objective

  File "/home/matheus/anaconda3/envs/tf-optuna/lib/python3.11/site-packages/keras/src/utils/traceback_utils.py", line 117, in error_handler

  File "/home/matheus/anaconda3/envs/tf-optuna/lib/python3.11/site-packages/keras/src/backend/tensorflow/trainer.py", line 320, in fit

  File "/home/matheus/anaconda3/envs/tf-optuna/lib/python3.11/site-packages/keras/src/backend/tensorflow/trainer.py", line 121, in one_step_on_iterator

Failed to determine best cudnn convolution algorithm for:
%cudnn-conv.4 = (f32[64,256,1,4000]{3,2,1,0}, u8[0]{0}) custom-call(f32[64,6,1,4000]{3,2,1,0} %bitcast.1744, f32[256,6,1,3]{3,2,1,0} %bitcast.1749), window={size=1x3 pad=0_0x1_1}, dim_labels=bf01_oi01->bf01, custom_call_target="__cudnn$convForward", metadata={op_type="Conv2D" op_name="functional_1/conv1d_0_1/convolution" source_file="/home/matheus/anaconda3/envs/tf-optuna/lib/python3.11/site-packages/tensorflow/python/framework/ops.py" source_line=1196}, backend_config={"operation_queue_id":"0","wait_on_operation_queues":[],"cudnn_conv_backend_config":{"conv_result_scale":1,"activation_mode":"kNone","side_input_scale":0,"leakyrelu_alpha":0},"force_earliest_schedule":false}

Original error: RESOURCE_EXHAUSTED: Out of memory while trying to allocate 278921216 bytes.

To ignore this failure and try to use a fallback algorithm (which may have suboptimal performance), use XLA_FLAGS=--xla_gpu_strict_conv_algorithm_picker=false.  Please also file a bug for the root cause of failing autotuning.
	 [[{{node StatefulPartitionedCall}}]] [Op:__inference_one_step_on_iterator_911838]
Traceback (most recent call last):
  File "/home/matheus/src/RayWise/src/temp_monitor_nas_cnn1d_v0.0.py", line 465, in <module>
    study.optimize(
  File "/home/matheus/anaconda3/envs/tf-optuna/lib/python3.11/site-packages/optuna/study/study.py", line 475, in optimize
    _optimize(
  File "/home/matheus/anaconda3/envs/tf-optuna/lib/python3.11/site-packages/optuna/study/_optimize.py", line 63, in _optimize
    _optimize_sequential(
  File "/home/matheus/anaconda3/envs/tf-optuna/lib/python3.11/site-packages/optuna/study/_optimize.py", line 160, in _optimize_sequential
    frozen_trial = _run_trial(study, func, catch)
                   ^^^^^^^^^^^^^^^^^^^^^^^^^^^^^^
  File "/home/matheus/anaconda3/envs/tf-optuna/lib/python3.11/site-packages/optuna/study/_optimize.py", line 248, in _run_trial
    raise func_err
  File "/home/matheus/anaconda3/envs/tf-optuna/lib/python3.11/site-packages/optuna/study/_optimize.py", line 197, in _run_trial
    value_or_values = func(trial)
                      ^^^^^^^^^^^
  File "/home/matheus/src/RayWise/src/temp_monitor_nas_cnn1d_v0.0.py", line 466, in <lambda>
    lambda trial: objective(
                  ^^^^^^^^^^
  File "/home/matheus/src/RayWise/src/temp_monitor_nas_cnn1d_v0.0.py", line 436, in objective
    log_trial_error(
  File "/home/matheus/anaconda3/envs/tf-optuna/lib/python3.11/site-packages/araras/ml/optuna/utils.py", line 317, in log_trial_error
    raise exc
  File "/home/matheus/src/RayWise/src/temp_monitor_nas_cnn1d_v0.0.py", line 348, in objective
    history = model.fit(
              ^^^^^^^^^^
  File "/home/matheus/anaconda3/envs/tf-optuna/lib/python3.11/site-packages/keras/src/utils/traceback_utils.py", line 122, in error_handler
    raise e.with_traceback(filtered_tb) from None
  File "/home/matheus/anaconda3/envs/tf-optuna/lib/python3.11/site-packages/tensorflow/python/eager/execute.py", line 59, in quick_execute
    except TypeError as e:
tensorflow.python.framework.errors_impl.UnknownError: Graph execution error:

Detected at node StatefulPartitionedCall defined at (most recent call last):
  File "/home/matheus/src/RayWise/src/temp_monitor_nas_cnn1d_v0.0.py", line 465, in <module>

  File "/home/matheus/anaconda3/envs/tf-optuna/lib/python3.11/site-packages/optuna/study/study.py", line 475, in optimize

  File "/home/matheus/anaconda3/envs/tf-optuna/lib/python3.11/site-packages/optuna/study/_optimize.py", line 63, in _optimize

  File "/home/matheus/anaconda3/envs/tf-optuna/lib/python3.11/site-packages/optuna/study/_optimize.py", line 160, in _optimize_sequential

  File "/home/matheus/anaconda3/envs/tf-optuna/lib/python3.11/site-packages/optuna/study/_optimize.py", line 197, in _run_trial

  File "/home/matheus/src/RayWise/src/temp_monitor_nas_cnn1d_v0.0.py", line 466, in <lambda>

  File "/home/matheus/src/RayWise/src/temp_monitor_nas_cnn1d_v0.0.py", line 348, in objective

  File "/home/matheus/anaconda3/envs/tf-optuna/lib/python3.11/site-packages/keras/src/utils/traceback_utils.py", line 117, in error_handler

  File "/home/matheus/anaconda3/envs/tf-optuna/lib/python3.11/site-packages/keras/src/backend/tensorflow/trainer.py", line 320, in fit

  File "/home/matheus/anaconda3/envs/tf-optuna/lib/python3.11/site-packages/keras/src/backend/tensorflow/trainer.py", line 121, in one_step_on_iterator

Failed to determine best cudnn convolution algorithm for:
%cudnn-conv.4 = (f32[64,256,1,4000]{3,2,1,0}, u8[0]{0}) custom-call(f32[64,6,1,4000]{3,2,1,0} %bitcast.1744, f32[256,6,1,3]{3,2,1,0} %bitcast.1749), window={size=1x3 pad=0_0x1_1}, dim_labels=bf01_oi01->bf01, custom_call_target="__cudnn$convForward", metadata={op_type="Conv2D" op_name="functional_1/conv1d_0_1/convolution" source_file="/home/matheus/anaconda3/envs/tf-optuna/lib/python3.11/site-packages/tensorflow/python/framework/ops.py" source_line=1196}, backend_config={"operation_queue_id":"0","wait_on_operation_queues":[],"cudnn_conv_backend_config":{"conv_result_scale":1,"activation_mode":"kNone","side_input_scale":0,"leakyrelu_alpha":0},"force_earliest_schedule":false}

Original error: RESOURCE_EXHAUSTED: Out of memory while trying to allocate 278921216 bytes.

To ignore this failure and try to use a fallback algorithm (which may have suboptimal performance), use XLA_FLAGS=--xla_gpu_strict_conv_algorithm_picker=false.  Please also file a bug for the root cause of failing autotuning.
	 [[{{node StatefulPartitionedCall}}]] [Op:__inference_one_step_on_iterator_911838]


